<html>
<body>
<pre>
<h1>µVision Build Log</h1>
<h2>Project:</h2>
C:\Users\Natalia\Documents\Studia\PPO\c++\4\ppo.uvproj
Project File Date:  04/04/2023

<h2>Output:</h2>
Rebuild target 'Target 1'
assembling Startup.s...
compiling keyboard.cpp...
compiling led.cpp...
compiling main.cpp...
stepper.h(19): warning:  #1-D: last line of file ends without a newline
compiling stepper.cpp...
stepper.h(19): warning:  #1-D: last line of file ends without a newline
linking...
Program Size: Code=928 RO-data=36 RW-data=4 ZI-data=1260  
".\ppo.axf" - 0 Errors, 2 Warning(s).
