<html>
<body>
<pre>
<h1>µVision Build Log</h1>
<h2>Project:</h2>
C:\Users\Natalia\Documents\Studia\PPO\c++\8a\ppo.uvproj
Project File Date:  04/04/2023

<h2>Output:</h2>
Rebuild target 'Target 1'
assembling Startup.s...
compiling keyboard.cpp...
compiling led.cpp...
compiling main.cpp...
compiling stepper.cpp...
linking...
Program Size: Code=988 RO-data=36 RW-data=4 ZI-data=1260  
".\ppo.axf" - 0 Errors, 0 Warning(s).
Rebuild target 'Target 1'
assembling Startup.s...
compiling keyboard.cpp...
compiling led.cpp...
compiling main.cpp...
compiling stepper.cpp...
linking...
Program Size: Code=988 RO-data=36 RW-data=4 ZI-data=1260  
".\ppo.axf" - 0 Errors, 0 Warning(s).
Rebuild target 'Target 1'
assembling Startup.s...
compiling keyboard.cpp...
compiling led.cpp...
compiling main.cpp...
main.cpp(15): error:  #289: no instance of constructor "Stepper::Stepper" matches the argument list
compiling stepper.cpp...
stepper.cpp(8): error:  #493: no instance of overloaded function "Stepper::Stepper" matches the specified type
stepper.cpp(24): error:  #20: identifier "On" is undefined
".\ppo.axf" - 3 Errors, 0 Warning(s).
Target not created
Rebuild target 'Target 1'
assembling Startup.s...
compiling keyboard.cpp...
compiling led.cpp...
compiling main.cpp...
main.cpp(15): error:  #289: no instance of constructor "Stepper::Stepper" matches the argument list
compiling stepper.cpp...
stepper.cpp(20): error:  #20: identifier "On" is undefined
".\ppo.axf" - 2 Errors, 0 Warning(s).
Target not created
Rebuild target 'Target 1'
assembling Startup.s...
compiling keyboard.cpp...
compiling led.cpp...
compiling main.cpp...
main.cpp(15): error:  #289: no instance of constructor "Stepper::Stepper" matches the argument list
compiling stepper.cpp...
".\ppo.axf" - 1 Errors, 0 Warning(s).
Target not created
Rebuild target 'Target 1'
assembling Startup.s...
compiling keyboard.cpp...
compiling led.cpp...
compiling main.cpp...
compiling stepper.cpp...
linking...
Program Size: Code=928 RO-data=36 RW-data=4 ZI-data=1260  
".\ppo.axf" - 0 Errors, 0 Warning(s).
Rebuild target 'Target 1'
assembling Startup.s...
compiling keyboard.cpp...
compiling led.cpp...
compiling main.cpp...
main.cpp(24): error:  #135: class "Keyboard" has no member "eKeyboardRead"
main.cpp(27): error:  #127: expected a statement
compiling stepper.cpp...
".\ppo.axf" - 2 Errors, 0 Warning(s).
Target not created
Build target 'Target 1'
compiling main.cpp...
main.cpp(24): error:  #300: a pointer to a bound function may only be used to call the function
main.cpp(27): error:  #127: expected a statement
".\ppo.axf" - 2 Errors, 0 Warning(s).
Target not created
Rebuild target 'Target 1'
assembling Startup.s...
compiling keyboard.cpp...
compiling led.cpp...
compiling main.cpp...
main.cpp(24): error:  #300: a pointer to a bound function may only be used to call the function
main.cpp(27): error:  #127: expected a statement
compiling stepper.cpp...
".\ppo.axf" - 2 Errors, 0 Warning(s).
Target not created
Rebuild target 'Target 1'
assembling Startup.s...
compiling keyboard.cpp...
compiling led.cpp...
compiling main.cpp...
compiling stepper.cpp...
linking...
.\ppo.axf: Error: L6218E: Undefined symbol Keyboard::eRead() (referred from main.o).
".\ppo.axf" - 1 Errors, 0 Warning(s).
Target not created
Rebuild target 'Target 1'
assembling Startup.s...
compiling keyboard.cpp...
compiling led.cpp...
compiling main.cpp...
compiling stepper.cpp...
linking...
.\ppo.axf: Error: L6218E: Undefined symbol Keyboard::eRead() (referred from main.o).
".\ppo.axf" - 1 Errors, 0 Warning(s).
Target not created
Rebuild target 'Target 1'
assembling Startup.s...
compiling keyboard.cpp...
compiling led.cpp...
compiling main.cpp...
compiling stepper.cpp...
linking...
Program Size: Code=1112 RO-data=36 RW-data=4 ZI-data=1260  
".\ppo.axf" - 0 Errors, 0 Warning(s).
Rebuild target 'Target 1'
assembling Startup.s...
compiling keyboard.cpp...
compiling led.cpp...
compiling main.cpp...
compiling stepper.cpp...
linking...
Program Size: Code=1112 RO-data=36 RW-data=4 ZI-data=1260  
".\ppo.axf" - 0 Errors, 0 Warning(s).
