<html>
<body>
<pre>
<h1>µVision Build Log</h1>
<h2>Project:</h2>
C:\Users\Natalia\Documents\Studia\PPO\c++\8d\ppo.uvproj
Project File Date:  04/04/2023

<h2>Output:</h2>
Rebuild target 'Target 1'
assembling Startup.s...
compiling keyboard.cpp...
compiling led.cpp...
compiling main.cpp...
compiling stepper.cpp...
stepper.cpp(10): error:  #29: expected an expression
".\ppo.axf" - 1 Errors, 0 Warning(s).
Target not created
Rebuild target 'Target 1'
assembling Startup.s...
compiling keyboard.cpp...
compiling led.cpp...
compiling main.cpp...
compiling stepper.cpp...
stepper.cpp(10): error:  #29: expected an expression
".\ppo.axf" - 1 Errors, 0 Warning(s).
Target not created
Rebuild target 'Target 1'
assembling Startup.s...
compiling keyboard.cpp...
compiling led.cpp...
compiling main.cpp...
compiling stepper.cpp...
linking...
.\ppo.axf: Error: L6218E: Undefined symbol LedInv::On(unsigned char) (referred from stepper.o).
".\ppo.axf" - 1 Errors, 0 Warning(s).
Target not created
Rebuild target 'Target 1'
assembling Startup.s...
compiling keyboard.cpp...
compiling led.cpp...
compiling main.cpp...
compiling stepper.cpp...
compiling LedInv.cpp...
LedInv.cpp(9): error:  #20: identifier "LED0_bm" is undefined
LedInv.cpp(12): error:  #20: identifier "LED1_bm" is undefined
LedInv.cpp(15): error:  #20: identifier "LED2_bm" is undefined
LedInv.cpp(18): error:  #20: identifier "LED3_bm" is undefined
".\ppo.axf" - 4 Errors, 0 Warning(s).
Target not created
Rebuild target 'Target 1'
assembling Startup.s...
compiling keyboard.cpp...
compiling led.cpp...
compiling main.cpp...
compiling stepper.cpp...
compiling LedInv.cpp...
linking...
Program Size: Code=1344 RO-data=36 RW-data=8 ZI-data=1256  
".\ppo.axf" - 0 Errors, 0 Warning(s).
Rebuild target 'Target 1'
assembling Startup.s...
compiling keyboard.cpp...
compiling led.cpp...
compiling main.cpp...
compiling stepper.cpp...
compiling LedInv.cpp...
linking...
Program Size: Code=1344 RO-data=36 RW-data=8 ZI-data=1256  
".\ppo.axf" - 0 Errors, 0 Warning(s).
Rebuild target 'Target 1'
assembling Startup.s...
compiling keyboard.cpp...
compiling led.cpp...
compiling main.cpp...
compiling stepper.cpp...
compiling LedInv.cpp...
linking...
Program Size: Code=1344 RO-data=36 RW-data=8 ZI-data=1256  
".\ppo.axf" - 0 Errors, 0 Warning(s).
