<html>
<body>
<pre>
<h1>µVision Build Log</h1>
<h2>Project:</h2>
C:\Users\Natalia\Documents\Studia\PPO\c++\8b\ppo.uvproj
Project File Date:  04/04/2023

<h2>Output:</h2>
Rebuild target 'Target 1'
assembling Startup.s...
compiling keyboard.cpp...
compiling led.cpp...
compiling main.cpp...
main.cpp(14): error:  #169: expected a declaration
main.cpp(22): warning:  #12-D: parsing restarts here after previous syntax error
main.cpp(31): error:  #20: identifier "MyStep" is undefined
main.cpp(34): error:  #20: identifier "MyStep" is undefined
compiling stepper.cpp...
".\ppo.axf" - 3 Errors, 1 Warning(s).
Target not created
Rebuild target 'Target 1'
assembling Startup.s...
compiling keyboard.cpp...
compiling led.cpp...
compiling main.cpp...
compiling stepper.cpp...
linking...
Program Size: Code=1160 RO-data=36 RW-data=4 ZI-data=1260  
".\ppo.axf" - 0 Errors, 0 Warning(s).
Rebuild target 'Target 1'
assembling Startup.s...
compiling keyboard.cpp...
compiling led.cpp...
led.cpp(19): error:  #20: identifier "ucInversion" is undefined
led.cpp(36): error:  #127: expected a statement
led.cpp(56): warning:  #12-D: parsing restarts here after previous syntax error
led.cpp(56): error: At end of source:  #67: expected a "}"
compiling main.cpp...
compiling stepper.cpp...
".\ppo.axf" - 3 Errors, 1 Warning(s).
Target not created
Rebuild target 'Target 1'
assembling Startup.s...
compiling keyboard.cpp...
compiling led.cpp...
led.cpp(19): error:  #20: identifier "ucInversion" is undefined
led.cpp(36): error:  #127: expected a statement
led.cpp(56): warning:  #12-D: parsing restarts here after previous syntax error
led.cpp(56): error: At end of source:  #67: expected a "}"
compiling main.cpp...
compiling stepper.cpp...
".\ppo.axf" - 3 Errors, 1 Warning(s).
Target not created
Rebuild target 'Target 1'
assembling Startup.s...
compiling keyboard.cpp...
compiling led.cpp...
led.cpp(19): error:  #20: identifier "ucInversion" is undefined
led.cpp(36): error:  #127: expected a statement
led.cpp(56): warning:  #12-D: parsing restarts here after previous syntax error
led.cpp(56): error: At end of source:  #67: expected a "}"
compiling main.cpp...
compiling stepper.cpp...
".\ppo.axf" - 3 Errors, 1 Warning(s).
Target not created
Rebuild target 'Target 1'
assembling Startup.s...
compiling keyboard.cpp...
compiling led.cpp...
led.cpp(21): error:  #20: identifier "ucInversion" is undefined
led.cpp(38): error:  #127: expected a statement
led.cpp(58): warning:  #12-D: parsing restarts here after previous syntax error
led.cpp(58): error: At end of source:  #67: expected a "}"
compiling main.cpp...
compiling stepper.cpp...
".\ppo.axf" - 3 Errors, 1 Warning(s).
Target not created
Rebuild target 'Target 1'
assembling Startup.s...
compiling keyboard.cpp...
compiling led.cpp...
led.cpp(38): error:  #127: expected a statement
led.cpp(58): warning:  #12-D: parsing restarts here after previous syntax error
led.cpp(58): error: At end of source:  #67: expected a "}"
compiling main.cpp...
compiling stepper.cpp...
".\ppo.axf" - 2 Errors, 1 Warning(s).
Target not created
Rebuild target 'Target 1'
assembling Startup.s...
compiling keyboard.cpp...
compiling led.cpp...
compiling main.cpp...
compiling stepper.cpp...
linking...
Program Size: Code=1308 RO-data=36 RW-data=4 ZI-data=1260  
".\ppo.axf" - 0 Errors, 0 Warning(s).
Rebuild target 'Target 1'
assembling Startup.s...
compiling keyboard.cpp...
compiling led.cpp...
compiling main.cpp...
compiling stepper.cpp...
linking...
Program Size: Code=1308 RO-data=36 RW-data=4 ZI-data=1260  
".\ppo.axf" - 0 Errors, 0 Warning(s).
