<html>
<body>
<pre>
<h1>µVision Build Log</h1>
<h2>Project:</h2>
C:\Users\Natalia\Documents\Studia\PPO\c++\8c\ppo.uvproj
Project File Date:  04/04/2023

<h2>Output:</h2>
Rebuild target 'Target 1'
assembling Startup.s...
compiling keyboard.cpp...
compiling led.cpp...
compiling main.cpp...
compiling stepper.cpp...
compiling LedInv.cpp...
LedInv.cpp(1): warning:  #1-D: last line of file ends without a newline
linking...
Program Size: Code=1308 RO-data=36 RW-data=4 ZI-data=1260  
".\ppo.axf" - 0 Errors, 1 Warning(s).
Rebuild target 'Target 1'
assembling Startup.s...
compiling keyboard.cpp...
compiling led.cpp...
compiling main.cpp...
compiling stepper.cpp...
compiling LedInv.cpp...
LedInv.h(7): error:  #260-D: explicit type is missing ("int" assumed)
LedInv.h(10): warning:  #1-D: last line of file ends without a newline
LedInv.cpp(9): error:  #147: declaration is incompatible with "int LedInv::On()" (declared at line 7 of "LedInv.h")
LedInv.cpp(13): error:  #20: identifier "IO1CLR" is undefined
LedInv.cpp(27): warning:  #1-D: last line of file ends without a newline
".\ppo.axf" - 3 Errors, 2 Warning(s).
Target not created
Rebuild target 'Target 1'
assembling Startup.s...
compiling keyboard.cpp...
compiling led.cpp...
compiling main.cpp...
compiling stepper.cpp...
compiling LedInv.cpp...
LedInv.h(7): error:  #260-D: explicit type is missing ("int" assumed)
LedInv.h(10): warning:  #1-D: last line of file ends without a newline
LedInv.cpp(10): error:  #147: declaration is incompatible with "int LedInv::On()" (declared at line 7 of "LedInv.h")
LedInv.cpp(28): warning:  #1-D: last line of file ends without a newline
".\ppo.axf" - 2 Errors, 2 Warning(s).
Target not created
Rebuild target 'Target 1'
assembling Startup.s...
compiling keyboard.cpp...
compiling led.cpp...
compiling main.cpp...
compiling stepper.cpp...
compiling LedInv.cpp...
LedInv.h(10): warning:  #1-D: last line of file ends without a newline
LedInv.cpp(10): error:  #147: declaration is incompatible with "void LedInv::On()" (declared at line 7 of "LedInv.h")
LedInv.cpp(28): warning:  #1-D: last line of file ends without a newline
".\ppo.axf" - 1 Errors, 2 Warning(s).
Target not created
Rebuild target 'Target 1'
assembling Startup.s...
compiling keyboard.cpp...
compiling led.cpp...
compiling main.cpp...
compiling stepper.cpp...
compiling LedInv.cpp...
LedInv.h(10): warning:  #1-D: last line of file ends without a newline
LedInv.cpp(10): error:  #147: declaration is incompatible with "void LedInv::On()" (declared at line 7 of "LedInv.h")
LedInv.cpp(28): warning:  #1-D: last line of file ends without a newline
".\ppo.axf" - 1 Errors, 2 Warning(s).
Target not created
Rebuild target 'Target 1'
assembling Startup.s...
compiling keyboard.cpp...
compiling led.cpp...
compiling main.cpp...
compiling stepper.cpp...
compiling LedInv.cpp...
LedInv.h(7): error:  #169: expected a declaration
LedInv.cpp(28): warning:  #1-D: last line of file ends without a newline
".\ppo.axf" - 1 Errors, 1 Warning(s).
Target not created
Rebuild target 'Target 1'
assembling Startup.s...
compiling keyboard.cpp...
compiling led.cpp...
compiling main.cpp...
compiling stepper.cpp...
compiling LedInv.cpp...
LedInv.cpp(28): warning:  #1-D: last line of file ends without a newline
linking...
Program Size: Code=1160 RO-data=36 RW-data=4 ZI-data=1260  
".\ppo.axf" - 0 Errors, 1 Warning(s).
Rebuild target 'Target 1'
assembling Startup.s...
compiling keyboard.cpp...
compiling led.cpp...
compiling main.cpp...
compiling stepper.cpp...
compiling LedInv.cpp...
linking...
Program Size: Code=1160 RO-data=36 RW-data=4 ZI-data=1260  
".\ppo.axf" - 0 Errors, 0 Warning(s).
Rebuild target 'Target 1'
assembling Startup.s...
compiling keyboard.cpp...
compiling led.cpp...
compiling main.cpp...
compiling stepper.cpp...
compiling LedInv.cpp...
linking...
Program Size: Code=1160 RO-data=36 RW-data=4 ZI-data=1260  
".\ppo.axf" - 0 Errors, 0 Warning(s).
Rebuild target 'Target 1'
assembling Startup.s...
compiling keyboard.cpp...
compiling led.cpp...
compiling main.cpp...
compiling stepper.cpp...
stepper.cpp(20): error:  #29: expected an expression
compiling LedInv.cpp...
".\ppo.axf" - 1 Errors, 0 Warning(s).
Target not created
Rebuild target 'Target 1'
assembling Startup.s...
compiling keyboard.cpp...
compiling led.cpp...
compiling main.cpp...
compiling stepper.cpp...
stepper.cpp(23): warning:  #187-D: use of "=" where "==" may have been intended
compiling LedInv.cpp...
linking...
Program Size: Code=1352 RO-data=36 RW-data=8 ZI-data=1256  
".\ppo.axf" - 0 Errors, 1 Warning(s).
Rebuild target 'Target 1'
assembling Startup.s...
compiling keyboard.cpp...
compiling led.cpp...
compiling main.cpp...
compiling stepper.cpp...
compiling LedInv.cpp...
linking...
Program Size: Code=1348 RO-data=36 RW-data=8 ZI-data=1256  
".\ppo.axf" - 0 Errors, 0 Warning(s).
